[17:54:41] [main/INFO] (FabricLoader/GameProvider) Loading Minecraft 1.20.1 with Fabric Loader 0.16.14
[17:54:41] [main/DEBUG] (FabricLoader/GamePatch) Found game constructor: net.minecraft.client.main.Main -> net.minecraft.client.MinecraftClient
[17:54:41] [main/DEBUG] (FabricLoader/GamePatch) Patching game constructor <init>(Lnet/minecraft/client/RunArgs;)V
[17:54:41] [main/DEBUG] (FabricLoader/GamePatch) Run directory field is thought to be net/minecraft/client/MinecraftClient/runDirectory
[17:54:41] [main/DEBUG] (FabricLoader/GamePatch) Applying brand name hook to net/minecraft/client/ClientBrandRetriever::getClientModName
[17:54:41] [main/DEBUG] (FabricLoader/GamePatch) Applying brand name hook to net/minecraft/server/MinecraftServer::getServerModName
[17:54:41] [main/DEBUG] (FabricLoader/Mappings) Loading mappings took 93 ms
[17:54:41] [main/DEBUG] (FabricLoader/GamePatch) Patched 3 classs
[17:54:41] [main/DEBUG] (FabricLoader/Discovery) Skipping missing class path group entry E:\fantasy-forest-template-1.20.1\out\production\classes
[17:54:41] [main/DEBUG] (FabricLoader/Discovery) Skipping missing class path group entry E:\fantasy-forest-template-1.20.1\out\production\resources
[17:54:41] [main/DEBUG] (FabricLoader/Discovery) Skipping missing class path group entry E:\fantasy-forest-template-1.20.1\build\classes\java\client
[17:54:41] [main/DEBUG] (FabricLoader/Discovery) Skipping missing class path group entry E:\fantasy-forest-template-1.20.1\build\resources\client
[17:54:41] [main/DEBUG] (FabricLoader/Discovery) Skipping missing class path group entry E:\fantasy-forest-template-1.20.1\out\client\classes
[17:54:41] [main/DEBUG] (FabricLoader/Discovery) Skipping missing class path group entry E:\fantasy-forest-template-1.20.1\out\client\resources
[17:54:41] [main/DEBUG] (FabricLoader/Discovery) Skipping class path group with no effect: E:\fantasy-forest-template-1.20.1\.gradle\loom-cache\remapped_mods\remapped\net\fabricmc\fabric-api\fabric-block-view-api-v2-ceaf4ab3-common\1.0.3+924f046a77\fabric-block-view-api-v2-ceaf4ab3-common-1.0.3+924f046a77.jar;E:\fantasy-forest-template-1.20.1\.gradle\loom-cache\remapped_mods\remapped\net\fabricmc\fabric-api\fabric-block-view-api-v2-ceaf4ab3-client\1.0.3+924f046a77\fabric-block-view-api-v2-ceaf4ab3-client-1.0.3+924f046a77.jar
[17:54:41] [main/DEBUG] (FabricLoader/Discovery) Skipping class path group with no effect: E:\fantasy-forest-template-1.20.1\.gradle\loom-cache\remapped_mods\remapped\net\fabricmc\fabric-api\fabric-command-api-v2-ceaf4ab3-common\2.2.14+1802ada577\fabric-command-api-v2-ceaf4ab3-common-2.2.14+1802ada577.jar;E:\fantasy-forest-template-1.20.1\.gradle\loom-cache\remapped_mods\remapped\net\fabricmc\fabric-api\fabric-command-api-v2-ceaf4ab3-client\2.2.14+1802ada577\fabric-command-api-v2-ceaf4ab3-client-2.2.14+1802ada577.jar
[17:54:41] [main/DEBUG] (FabricLoader/Discovery) Skipping class path group with no effect: E:\fantasy-forest-template-1.20.1\.gradle\loom-cache\remapped_mods\remapped\net\fabricmc\fabric-api\fabric-containers-v0-ceaf4ab3-common\0.1.67+df3654b377\fabric-containers-v0-ceaf4ab3-common-0.1.67+df3654b377.jar;E:\fantasy-forest-template-1.20.1\.gradle\loom-cache\remapped_mods\remapped\net\fabricmc\fabric-api\fabric-containers-v0-ceaf4ab3-client\0.1.67+df3654b377\fabric-containers-v0-ceaf4ab3-client-0.1.67+df3654b377.jar
[17:54:41] [main/DEBUG] (FabricLoader/Discovery) Skipping class path group with no effect: E:\fantasy-forest-template-1.20.1\.gradle\loom-cache\remapped_mods\remapped\net\fabricmc\fabric-api\fabric-data-attachment-api-v1-ceaf4ab3-common\1.0.2+de0fd6d177\fabric-data-attachment-api-v1-ceaf4ab3-common-1.0.2+de0fd6d177.jar;E:\fantasy-forest-template-1.20.1\.gradle\loom-cache\remapped_mods\remapped\net\fabricmc\fabric-api\fabric-data-attachment-api-v1-ceaf4ab3-client\1.0.2+de0fd6d177\fabric-data-attachment-api-v1-ceaf4ab3-client-1.0.2+de0fd6d177.jar
[17:54:41] [main/DEBUG] (FabricLoader/Discovery) Skipping class path group with no effect: E:\fantasy-forest-template-1.20.1\.gradle\loom-cache\remapped_mods\remapped\net\fabricmc\fabric-api\fabric-data-generation-api-v1-ceaf4ab3-common\12.3.7+1802ada577\fabric-data-generation-api-v1-ceaf4ab3-common-12.3.7+1802ada577.jar;E:\fantasy-forest-template-1.20.1\.gradle\loom-cache\remapped_mods\remapped\net\fabricmc\fabric-api\fabric-data-generation-api-v1-ceaf4ab3-client\12.3.7+1802ada577\fabric-data-generation-api-v1-ceaf4ab3-client-12.3.7+1802ada577.jar
[17:54:41] [main/DEBUG] (FabricLoader/Discovery) Skipping class path group with no effect: E:\fantasy-forest-template-1.20.1\.gradle\loom-cache\remapped_mods\remapped\net\fabricmc\fabric-api\fabric-entity-events-v1-ceaf4ab3-common\1.6.1+1c78457f77\fabric-entity-events-v1-ceaf4ab3-common-1.6.1+1c78457f77.jar;E:\fantasy-forest-template-1.20.1\.gradle\loom-cache\remapped_mods\remapped\net\fabricmc\fabric-api\fabric-entity-events-v1-ceaf4ab3-client\1.6.1+1c78457f77\fabric-entity-events-v1-ceaf4ab3-client-1.6.1+1c78457f77.jar
[17:54:41] [main/DEBUG] (FabricLoader/Discovery) Skipping class path group with no effect: E:\fantasy-forest-template-1.20.1\.gradle\loom-cache\remapped_mods\remapped\net\fabricmc\fabric-api\fabric-events-interaction-v0-ceaf4ab3-common\0.6.5+13a40c6677\fabric-events-interaction-v0-ceaf4ab3-common-0.6.5+13a40c6677.jar;E:\fantasy-forest-template-1.20.1\.gradle\loom-cache\remapped_mods\remapped\net\fabricmc\fabric-api\fabric-events-interaction-v0-ceaf4ab3-client\0.6.5+13a40c6677\fabric-events-interaction-v0-ceaf4ab3-client-0.6.5+13a40c6677.jar
[17:54:41] [main/DEBUG] (FabricLoader/Discovery) Skipping class path group with no effect: E:\fantasy-forest-template-1.20.1\.gradle\loom-cache\remapped_mods\remapped\net\fabricmc\fabric-api\fabric-events-lifecycle-v0-ceaf4ab3-common\0.2.64+df3654b377\fabric-events-lifecycle-v0-ceaf4ab3-common-0.2.64+df3654b377.jar;E:\fantasy-forest-template-1.20.1\.gradle\loom-cache\remapped_mods\remapped\net\fabricmc\fabric-api\fabric-events-lifecycle-v0-ceaf4ab3-client\0.2.64+df3654b377\fabric-events-lifecycle-v0-ceaf4ab3-client-0.2.64+df3654b377.jar
[17:54:41] [main/DEBUG] (FabricLoader/Discovery) Skipping class path group with no effect: E:\fantasy-forest-template-1.20.1\.gradle\loom-cache\remapped_mods\remapped\net\fabricmc\fabric-api\fabric-game-rule-api-v1-ceaf4ab3-common\1.0.41+1802ada577\fabric-game-rule-api-v1-ceaf4ab3-common-1.0.41+1802ada577.jar;E:\fantasy-forest-template-1.20.1\.gradle\loom-cache\remapped_mods\remapped\net\fabricmc\fabric-api\fabric-game-rule-api-v1-ceaf4ab3-client\1.0.41+1802ada577\fabric-game-rule-api-v1-ceaf4ab3-client-1.0.41+1802ada577.jar
[17:54:41] [main/DEBUG] (FabricLoader/Discovery) Skipping class path group with no effect: E:\fantasy-forest-template-1.20.1\.gradle\loom-cache\remapped_mods\remapped\net\fabricmc\fabric-api\fabric-item-api-v1-ceaf4ab3-common\2.1.29+1802ada577\fabric-item-api-v1-ceaf4ab3-common-2.1.29+1802ada577.jar;E:\fantasy-forest-template-1.20.1\.gradle\loom-cache\remapped_mods\remapped\net\fabricmc\fabric-api\fabric-item-api-v1-ceaf4ab3-client\2.1.29+1802ada577\fabric-item-api-v1-ceaf4ab3-client-2.1.29+1802ada577.jar
[17:54:41] [main/DEBUG] (FabricLoader/Discovery) Skipping class path group with no effect: E:\fantasy-forest-template-1.20.1\.gradle\loom-cache\remapped_mods\remapped\net\fabricmc\fabric-api\fabric-item-group-api-v1-ceaf4ab3-common\4.0.14+1802ada577\fabric-item-group-api-v1-ceaf4ab3-common-4.0.14+1802ada577.jar;E:\fantasy-forest-template-1.20.1\.gradle\loom-cache\remapped_mods\remapped\net\fabricmc\fabric-api\fabric-item-group-api-v1-ceaf4ab3-client\4.0.14+1802ada577\fabric-item-group-api-v1-ceaf4ab3-client-4.0.14+1802ada577.jar
[17:54:41] [main/DEBUG] (FabricLoader/Discovery) Skipping class path group with no effect: E:\fantasy-forest-template-1.20.1\.gradle\loom-cache\remapped_mods\remapped\net\fabricmc\fabric-api\fabric-lifecycle-events-v1-ceaf4ab3-common\2.2.23+1802ada577\fabric-lifecycle-events-v1-ceaf4ab3-common-2.2.23+1802ada577.jar;E:\fantasy-forest-template-1.20.1\.gradle\loom-cache\remapped_mods\remapped\net\fabricmc\fabric-api\fabric-lifecycle-events-v1-ceaf4ab3-client\2.2.23+1802ada577\fabric-lifecycle-events-v1-ceaf4ab3-client-2.2.23+1802ada577.jar
[17:54:41] [main/DEBUG] (FabricLoader/Discovery) Skipping class path group with no effect: E:\fantasy-forest-template-1.20.1\.gradle\loom-cache\remapped_mods\remapped\net\fabricmc\fabric-api\fabric-message-api-v1-ceaf4ab3-common\5.1.10+1802ada577\fabric-message-api-v1-ceaf4ab3-common-5.1.10+1802ada577.jar;E:\fantasy-forest-template-1.20.1\.gradle\loom-cache\remapped_mods\remapped\net\fabricmc\fabric-api\fabric-message-api-v1-ceaf4ab3-client\5.1.10+1802ada577\fabric-message-api-v1-ceaf4ab3-client-5.1.10+1802ada577.jar
[17:54:41] [main/DEBUG] (FabricLoader/Discovery) Skipping class path group with no effect: E:\fantasy-forest-template-1.20.1\.gradle\loom-cache\remapped_mods\remapped\net\fabricmc\fabric-api\fabric-networking-api-v1-ceaf4ab3-common\1.3.14+a158aa0477\fabric-networking-api-v1-ceaf4ab3-common-1.3.14+a158aa0477.jar;E:\fantasy-forest-template-1.20.1\.gradle\loom-cache\remapped_mods\remapped\net\fabricmc\fabric-api\fabric-networking-api-v1-ceaf4ab3-client\1.3.14+a158aa0477\fabric-networking-api-v1-ceaf4ab3-client-1.3.14+a158aa0477.jar
[17:54:41] [main/DEBUG] (FabricLoader/Discovery) Skipping class path group with no effect: E:\fantasy-forest-template-1.20.1\.gradle\loom-cache\remapped_mods\remapped\net\fabricmc\fabric-api\fabric-networking-v0-ceaf4ab3-common\0.3.54+df3654b377\fabric-networking-v0-ceaf4ab3-common-0.3.54+df3654b377.jar;E:\fantasy-forest-template-1.20.1\.gradle\loom-cache\remapped_mods\remapped\net\fabricmc\fabric-api\fabric-networking-v0-ceaf4ab3-client\0.3.54+df3654b377\fabric-networking-v0-ceaf4ab3-client-0.3.54+df3654b377.jar
[17:54:41] [main/DEBUG] (FabricLoader/Discovery) Skipping class path group with no effect: E:\fantasy-forest-template-1.20.1\.gradle\loom-cache\remapped_mods\remapped\net\fabricmc\fabric-api\fabric-object-builder-api-v1-ceaf4ab3-common\11.1.5+e35120df77\fabric-object-builder-api-v1-ceaf4ab3-common-11.1.5+e35120df77.jar;E:\fantasy-forest-template-1.20.1\.gradle\loom-cache\remapped_mods\remapped\net\fabricmc\fabric-api\fabric-object-builder-api-v1-ceaf4ab3-client\11.1.5+e35120df77\fabric-object-builder-api-v1-ceaf4ab3-client-11.1.5+e35120df77.jar
[17:54:41] [main/DEBUG] (FabricLoader/Discovery) Skipping class path group with no effect: E:\fantasy-forest-template-1.20.1\.gradle\loom-cache\remapped_mods\remapped\net\fabricmc\fabric-api\fabric-particles-v1-ceaf4ab3-common\1.1.3+1802ada577\fabric-particles-v1-ceaf4ab3-common-1.1.3+1802ada577.jar;E:\fantasy-forest-template-1.20.1\.gradle\loom-cache\remapped_mods\remapped\net\fabricmc\fabric-api\fabric-particles-v1-ceaf4ab3-client\1.1.3+1802ada577\fabric-particles-v1-ceaf4ab3-client-1.1.3+1802ada577.jar
[17:54:41] [main/DEBUG] (FabricLoader/Discovery) Skipping class path group with no effect: E:\fantasy-forest-template-1.20.1\.gradle\loom-cache\remapped_mods\remapped\net\fabricmc\fabric-api\fabric-recipe-api-v1-ceaf4ab3-common\1.0.24+1802ada577\fabric-recipe-api-v1-ceaf4ab3-common-1.0.24+1802ada577.jar;E:\fantasy-forest-template-1.20.1\.gradle\loom-cache\remapped_mods\remapped\net\fabricmc\fabric-api\fabric-recipe-api-v1-ceaf4ab3-client\1.0.24+1802ada577\fabric-recipe-api-v1-ceaf4ab3-client-1.0.24+1802ada577.jar
[17:54:41] [main/DEBUG] (FabricLoader/Discovery) Skipping class path group with no effect: E:\fantasy-forest-template-1.20.1\.gradle\loom-cache\remapped_mods\remapped\net\fabricmc\fabric-api\fabric-registry-sync-v0-ceaf4ab3-common\2.3.6+1802ada577\fabric-registry-sync-v0-ceaf4ab3-common-2.3.6+1802ada577.jar;E:\fantasy-forest-template-1.20.1\.gradle\loom-cache\remapped_mods\remapped\net\fabricmc\fabric-api\fabric-registry-sync-v0-ceaf4ab3-client\2.3.6+1802ada577\fabric-registry-sync-v0-ceaf4ab3-client-2.3.6+1802ada577.jar
[17:54:41] [main/DEBUG] (FabricLoader/Discovery) Skipping class path group with no effect: E:\fantasy-forest-template-1.20.1\.gradle\loom-cache\remapped_mods\remapped\net\fabricmc\fabric-api\fabric-rendering-data-attachment-v1-ceaf4ab3-common\0.3.39+92a0d36777\fabric-rendering-data-attachment-v1-ceaf4ab3-common-0.3.39+92a0d36777.jar;E:\fantasy-forest-template-1.20.1\.gradle\loom-cache\remapped_mods\remapped\net\fabricmc\fabric-api\fabric-rendering-data-attachment-v1-ceaf4ab3-client\0.3.39+92a0d36777\fabric-rendering-data-attachment-v1-ceaf4ab3-client-0.3.39+92a0d36777.jar
[17:54:41] [main/DEBUG] (FabricLoader/Discovery) Skipping class path group with no effect: E:\fantasy-forest-template-1.20.1\.gradle\loom-cache\remapped_mods\remapped\net\fabricmc\fabric-api\fabric-rendering-fluids-v1-ceaf4ab3-common\3.0.29+1802ada577\fabric-rendering-fluids-v1-ceaf4ab3-common-3.0.29+1802ada577.jar;E:\fantasy-forest-template-1.20.1\.gradle\loom-cache\remapped_mods\remapped\net\fabricmc\fabric-api\fabric-rendering-fluids-v1-ceaf4ab3-client\3.0.29+1802ada577\fabric-rendering-fluids-v1-ceaf4ab3-client-3.0.29+1802ada577.jar
[17:54:41] [main/DEBUG] (FabricLoader/Discovery) Skipping class path group with no effect: E:\fantasy-forest-template-1.20.1\.gradle\loom-cache\remapped_mods\remapped\net\fabricmc\fabric-api\fabric-resource-loader-v0-ceaf4ab3-common\0.11.12+fb82e9d777\fabric-resource-loader-v0-ceaf4ab3-common-0.11.12+fb82e9d777.jar;E:\fantasy-forest-template-1.20.1\.gradle\loom-cache\remapped_mods\remapped\net\fabricmc\fabric-api\fabric-resource-loader-v0-ceaf4ab3-client\0.11.12+fb82e9d777\fabric-resource-loader-v0-ceaf4ab3-client-0.11.12+fb82e9d777.jar
[17:54:41] [main/DEBUG] (FabricLoader/Discovery) Skipping class path group with no effect: E:\fantasy-forest-template-1.20.1\.gradle\loom-cache\remapped_mods\remapped\net\fabricmc\fabric-api\fabric-screen-handler-api-v1-ceaf4ab3-common\1.3.33+1802ada577\fabric-screen-handler-api-v1-ceaf4ab3-common-1.3.33+1802ada577.jar;E:\fantasy-forest-template-1.20.1\.gradle\loom-cache\remapped_mods\remapped\net\fabricmc\fabric-api\fabric-screen-handler-api-v1-ceaf4ab3-client\1.3.33+1802ada577\fabric-screen-handler-api-v1-ceaf4ab3-client-1.3.33+1802ada577.jar
[17:54:41] [main/DEBUG] (FabricLoader/Discovery) Skipping class path group with no effect: E:\fantasy-forest-template-1.20.1\.gradle\loom-cache\remapped_mods\remapped\net\fabricmc\fabric-api\fabric-transfer-api-v1-ceaf4ab3-common\3.3.6+8dd72ea377\fabric-transfer-api-v1-ceaf4ab3-common-3.3.6+8dd72ea377.jar;E:\fantasy-forest-template-1.20.1\.gradle\loom-cache\remapped_mods\remapped\net\fabricmc\fabric-api\fabric-transfer-api-v1-ceaf4ab3-client\3.3.6+8dd72ea377\fabric-transfer-api-v1-ceaf4ab3-client-3.3.6+8dd72ea377.jar
[17:54:41] [main/DEBUG] (FabricLoader/Discovery) Mod discovery time: 33.8 ms
[17:54:41] [main/WARN] (FabricLoader/Resolution) Mod resolution failed
[17:54:41] [main/INFO] (FabricLoader/Resolution) Immediate reason: [HARD_DEP_NO_CANDIDATE terraform-wood-api-v1 7.0.3 {depends fabric-rendering-v1 @ [*]}, ROOT_FORCELOAD_SINGLE terraform-wood-api-v1 7.0.3]
[17:54:41] [main/INFO] (FabricLoader/Resolution) Reason: [HARD_DEP terraform-wood-api-v1 7.0.3 {depends fabric-rendering-v1 @ [*]}]
[17:54:41] [main/INFO] (FabricLoader/Resolution) Fix: add [add:fabric-rendering-v1 1 ([(-∞,∞)])], remove [], replace []
[17:54:41] [main/ERROR] (FabricLoader) Incompatible mods found!
net.fabricmc.loader.impl.FormattedException: Some of your mods are incompatible with the game or each other!
确定了一种可能的解决方法，这样做可能会解决你的问题：
	 - 安装 fabric-rendering-v1，任意版本。
更多信息：
	 - 模组 'Terraform Wood API (v1)' (terraform-wood-api-v1) 7.0.3 需要 fabric-rendering-v1 的 任意版本，但没有安装它！
	at net.fabricmc.loader.impl.FormattedException.ofLocalized(FormattedException.java:51) ~[fabric-loader-0.16.14.jar:?]
	at net.fabricmc.loader.impl.FabricLoaderImpl.load(FabricLoaderImpl.java:196) ~[fabric-loader-0.16.14.jar:?]
	at net.fabricmc.loader.impl.launch.knot.Knot.init(Knot.java:146) ~[fabric-loader-0.16.14.jar:?]
	at net.fabricmc.loader.impl.launch.knot.Knot.launch(Knot.java:68) ~[fabric-loader-0.16.14.jar:?]
	at net.fabricmc.loader.impl.launch.knot.KnotClient.main(KnotClient.java:23) ~[fabric-loader-0.16.14.jar:?]
	at net.fabricmc.devlaunchinjector.Main.main(Main.java:86) ~[?:?]
